/Library/Java/JavaVirtualMachines/jdk-12.jdk/Contents/Home/bin/java -ea -Didea.test.cyclic.buffer.size=1048576 -javaagent:/Applications/IntelliJ IDEA CE.app/Contents/lib/idea_rt.jar=54021:/Applications/IntelliJ IDEA CE.app/Contents/bin -Dfile.encoding=UTF-8 -classpath /Applications/IntelliJ IDEA CE.app/Contents/lib/idea_rt.jar:/Applications/IntelliJ IDEA CE.app/Contents/plugins/junit/lib/junit5-rt.jar:/Applications/IntelliJ IDEA CE.app/Contents/plugins/junit/lib/junit-rt.jar:/Users/marcoschaim/projetos/asmexplore/target/test-classes:/Users/marcoschaim/projetos/asmexplore/target/classes:/Users/marcoschaim/.m2/repository/org/ow2/asm/asm/7.3.1/asm-7.3.1.jar:/Users/marcoschaim/.m2/repository/org/ow2/asm/asm-util/7.3.1/asm-util-7.3.1.jar:/Users/marcoschaim/.m2/repository/org/ow2/asm/asm-tree/7.3.1/asm-tree-7.3.1.jar:/Users/marcoschaim/.m2/repository/org/ow2/asm/asm-analysis/7.3.1/asm-analysis-7.3.1.jar:/Users/marcoschaim/.m2/repository/br/usp/each/saeg/asm-defuse/0.0.6/asm-defuse-0.0.6.jar:/Users/marcoschaim/.m2/repository/br/usp/each/saeg/saeg-commons/0.0.5/saeg-commons-0.0.5.jar:/Users/marcoschaim/.m2/repository/junit/junit/4.11/junit-4.11.jar:/Users/marcoschaim/.m2/repository/org/hamcrest/hamcrest-core/1.3/hamcrest-core-1.3.jar:/Users/marcoschaim/.m2/repository/br/usp/each/saeg/opal/0.0.4/opal-0.0.4.jar:/Users/marcoschaim/.m2/repository/org/apache/commons/commons-collections4/4.3/commons-collections4-4.3.jar:/Users/marcoschaim/.m2/repository/args4j/args4j/2.32/args4j-2.32.jar com.intellij.rt.junit.JUnitStarter -ideVersion5 -junit4 br.usp.each.saeg.subsumption.graphdua.GraphduaTest,test4
SG1 dot :
digraph { /* (3,(5,7), mymax) */
3094 [label="3(1)"];
1032 [label="1(1)"];
2063 [label="2(1)"];
 1032 -> 2063;
 2063 -> 3094;
}
SG2 dot :
digraph { /* (3,(5,7), mymax) */
2064 [label="2(2)"];
7219 [label="7(2)"];
5157 [label="5(2)"];
3095 [label="3(2)"];
8250 [label="8(2)"];
6188 [label="6(2)"];
4126 [label="4(2)"];
 2064 -> 3095;
 7219 -> 4126;
 5157 -> 6188;
 5157 -> 7219;
 3095 -> 4126;
 8250 -> 2064;
 6188 -> 7219;
 4126 -> 8250;
 4126 -> 5157;
}
SG3 dot :
digraph { /* (3,(5,7), mymax) */
5158 [label="5(3)"];
3096 [label="3(3)"];
-7214 [label="-7(3)"];
4127 [label="4(3)"];
 5158 -> -7214;
 3096 -> 4127;
 4127 -> 5158;
}
SG4 dot :
SG5 dot :
digraph { /* (3,(5,7), mymax) */
4129 [label="4(5)"];
2067 [label="2(5)"];
9284 [label="9(5)"];
7222 [label="7(5)"];
3098 [label="3(5)"];
8253 [label="8(5)"];
 4129 -> 8253;
 2067 -> 9284;
 2067 -> 3098;
 7222 -> 4129;
 3098 -> 4129;
 8253 -> 2067;
}
forward graphdua:
Graphdua(3,(5,7), mymax):
3(1) -> 4(2) 4(3) 
1(1) -> 2(1) 
2(1) -> 3(1) 
2(2) -> 3(2) 
3(2) -> 4(2) 4(3) 
7(2) -> 4(2) 
4(2) -> 8(2) 5(2) 
5(2) -> 6(2) 7(2) 
6(2) -> 7(2) 
8(2) -> 2(2) 
5(3) -> -7(3) 
-7(3) -> 4(4) 4(5) 
3(3) -> 4(3) 
4(3) -> 5(3) 
4(4) -> 8(4) 5(4) 
8(4) -> 2(4) 
5(4) -> 6(4) 7(4) 
2(4) -> 3(4) 
3(4) -> 4(4) 
7(4) -> 4(4) 4(5) 
6(4) -> 7(4) 
4(5) -> 8(5) 
8(5) -> 2(5) 
2(5) -> 9(5) 3(5) 
9(5) -> 
3(5) -> 4(5) 
7(5) -> 4(5) 

graph defuse:
digraph SortPaper {
6 [label="6"]
5 [label="5"]
8 [label="8"]
9 [label="9"]
1 [label="1"]
4 [label="4"]
3 [label="3"]
7 [label="7"]
2 [label="2"]
{
node [shape=plaintext, fontsize=14];
setsNode_6 [label="def(6)={maxpos,mymax}\nuse(6)={a,index}"];
setsNode_8 [label="def(8)={a,sortupto}\nuse(8)={a,sortupto,maxpos,mymax}"];
setsNode_1 [label="def(1)={a,n,sortupto,maxpos}"];
setsNode_3 [label="def(3)={mymax,index}\nuse(3)={a,sortupto}"];
setsNode_7 [label="def(7)={index}\nuse(7)={index}"];
}
{rank = same; 6 ;  setsNode_6}
{rank = same; 8 ;  setsNode_8}
{rank = same; 1 ;  setsNode_1}
{rank = same; 3 ;  setsNode_3}
{rank = same; 7 ;  setsNode_7}
6 -> 7;
5 -> 6[label="use(5,6)={a,mymax,index}",fontsize=14];5 -> 7[label="use(5,7)={a,mymax,index}",fontsize=14];
8 -> 2;
1 -> 2;
4 -> 8[label="use(4,8)={n,index}",fontsize=14];4 -> 5[label="use(4,5)={n,index}",fontsize=14];
3 -> 4;
7 -> 4;
2 -> 9[label="use(2,9)={n,sortupto}",fontsize=14];2 -> 3[label="use(2,3)={n,sortupto}",fontsize=14];
}

Graphdua:
digraph { /* (3,(5,7), mymax) */
3094 [label="3(1)"];
1032 [label="1(1)"];
2063 [label="2(1)"];
2064 [label="2(2)"];
3095 [label="3(2)"];
7219 [label="7(2)"];
4126 [label="4(2)"];
5157 [label="5(2)"];
6188 [label="6(2)"];
8250 [label="8(2)"];
5158 [label="5(3)"];
-7214 [label="-7(3)"];
3096 [label="3(3)"];
4127 [label="4(3)"];
4128 [label="4(4)"];
8252 [label="8(4)"];
5159 [label="5(4)"];
2066 [label="2(4)"];
3097 [label="3(4)"];
7221 [label="7(4)"];
6190 [label="6(4)"];
4129 [label="4(5)"];
8253 [label="8(5)"];
2067 [label="2(5)"];
9284 [label="9(5)"];
3098 [label="3(5)"];
7222 [label="7(5)"];
 3094 -> 4126;
 3094 -> 4127;
 1032 -> 2063;
 2063 -> 3094;
 2064 -> 3095;
 3095 -> 4126;
 3095 -> 4127;
 7219 -> 4126;
 4126 -> 8250;
 4126 -> 5157;
 5157 -> 6188;
 5157 -> 7219;
 6188 -> 7219;
 8250 -> 2064;
 5158 -> -7214;
 -7214 -> 4128;
 -7214 -> 4129;
 3096 -> 4127;
 4127 -> 5158;
 4128 -> 8252;
 4128 -> 5159;
 8252 -> 2066;
 5159 -> 6190;
 5159 -> 7221;
 2066 -> 3097;
 3097 -> 4128;
 7221 -> 4128;
 7221 -> 4129;
 6190 -> 7221;
 4129 -> 8253;
 8253 -> 2067;
 2067 -> 9284;
 2067 -> 3098;
 3098 -> 4129;
 7222 -> 4129;
}

Process finished with exit code 0

